bat_resnext26ts: ok, 412 tensors
convit_tiny: ok, 180 tensors
convmixer_1024_20_ks9_p14: ok, 289 tensors
cpubone_b0_bfrobust: ok, 295 tensors
csatv2: refused, the checkpoint lacks 5 captured tensor(s): stem_dct.imagenet_mean, stem_dct.imagenet_std, stem_dct.lifted_tensor_0, stem_dct.mean, stem_dct.var
eca_halonext26ts: ok, 202 tensors
edgenext_xx_small: ok, 160 tensors
efficientnet_b0: ok, 360 tensors
efficientnet_b1_pruned: ok, 508 tensors
efficientnet_b2_pruned: ok, 508 tensors
efficientnet_b3_pruned: ok, 574 tensors
efficientnet_el: ok, 434 tensors
efficientnet_es: ok, 296 tensors
efficientvit_b0: ok, 197 tensors
fastvit_sa12: ok, 504 tensors
fastvit_t8: ok, 462 tensors
fbnetc_100: ok, 392 tensors
fbnetv3_g: ok, 737 tensors
ghostnetv2_100: ok, 764 tensors
ghostnetv2_130: ok, 764 tensors
ghostnetv2_160: ok, 764 tensors
hgnetv2_b0: ok, 317 tensors
hiera_tiny_224: ok, 157 tensors
inception_next_atto: ok, 226 tensors
inception_next_tiny: ok, 322 tensors
inception_v3: ok, 566 tensors
lambda_resnet26t: ok, 224 tensors
lcnetv2_base: ok, 309 tensors
lcnetv2_large: ok, 377 tensors
mixnet_l: ok, 479 tensors
mixnet_xl: ok, 584 tensors
mobilenet_edgetpu_v2_m: ok, 320 tensors
mobilenetv1_100: ok, 164 tensors
mobilenetv1_125: ok, 164 tensors
mobilenetv2_050: ok, 314 tensors
mobilenetv3_small_050: ok, 244 tensors
mobilenetv4_conv_blur_medium: refused, the checkpoint lacks 4 captured tensor(s): blocks.0.0.aa.filt, blocks.1.0.dw_mid.aa.filt, blocks.2.0.dw_mid.aa.filt, blocks.3.0.dw_mid.aa.filt
mobilenetv4_conv_small_050: ok, 278 tensors
mobileone_s3: ok, 562 tensors
mobilevitv2_175: ok, 269 tensors
mvitv2_tiny: ok, 242 tensors
regnetx_002: ok, 266 tensors
regnetx_006: ok, 320 tensors
regnetx_016: ok, 356 tensors
regnetx_040: ok, 446 tensors
regnety_004: ok, 384 tensors
regnety_008_tv: ok, 340 tensors
regnetz_040: ok, 624 tensors
regnetz_d8: ok, 554 tensors
repghostnet_058: ok, 672 tensors
repghostnet_111: ok, 672 tensors
repghostnet_150: ok, 672 tensors
repvit_m1_0: ok, 713 tensors
resnest14d: ok, 152 tensors
rexnet_100: ok, 413 tensors
rexnet_130: ok, 413 tensors
rexnet_150: ok, 413 tensors
rexnet_200: ok, 413 tensors
rexnet_300: ok, 413 tensors
rexnetr_200: ok, 413 tensors
rexnetr_300: ok, 413 tensors
sam2_hiera_tiny: ok, 156 tensors
sequencer2d_s: ok, 480 tensors
skresnet18: ok, 226 tensors
swiftformer_xs: ok, 316 tensors
swin_tiny_patch4_window7_224: ok, 190 tensors
test_convnext2: ok, 56 tensors
test_efficientnet_gn: ok, 49 tensors
tf_efficientnet_es: ok, 296 tensors
tf_efficientnet_lite3: ok, 440 tensors
tf_mixnet_l: ok, 479 tensors
tf_mixnet_s: ok, 396 tensors
tf_mobilenetv3_large_minimal_100: ok, 280 tensors
tf_mobilenetv3_small_minimal_100: ok, 208 tensors
vit_small_patch16_lingbot: refused, the checkpoint lacks 13 captured tensor(s): blocks.0.attn.k_bias, blocks.1.attn.k_bias, blocks.10.attn.k_bias, blocks.11.attn.k_bias, blocks.2.attn.k_bias, blocks.3.attn.k_bias, blocks.4.attn.k_bias, blocks.5.attn.k_bias, blocks.6.attn.k_bias, blocks.7.attn.k_bias, blocks.8.attn.k_bias, blocks.9.attn.k_bias, rope.periods
vit_tiny_r_s16_p8_224: ok, 155 tensors
volo_d1_224: ok, 260 tensors
xception41p: ok, 286 tensors
